{
  "transferFrame": {
    "versionNumber": 0,
    "spacecraftId": 1,
    "virtualChannelId": 1,
    "virtualChannelFrameCounter": 30,
    "firstHeaderPointer": 0,
    "emptyFrame": false,
    "ocf": true,
    "sequenceFlags": 3,
    "fixedLengthFrame": false,
    "primaryHeader": {
      "packetVersion": 0,
      "packetType": 0,
      "secondaryHeader": true,
      "applicationProcessId": 1,
      "sequenceFlag": 3,
      "sequenceCount": 16383,
      "packetDataLength": 135
    },
    "secondaryHeader": {
      "tmPacketPusVersionNumber": 1,
      "spacecraftTimeReferenceStatus": 0,
      "serviceTypeId": 3,
      "messageSubtypeId": 25,
      "messageTypeCounter": 40736,
      "destinationId": 1000,
      "time": {
        "day": 18537,
        "millisecondsOfTheDay": 68631773
      }
    },
    "payload": [
      0,
      1,
      0,
      0,
      1,
      0,
      3,
      75,
      95,
      119,
      121,
      -105,
      0,
      1,
      1,
      0,
      0,
      83,
      0,
      82,
      -126,
      59,
      40,
      56,
      -60,
      5,
      68,
      -20,
      68,
      48,
      -69,
      20,
      66,
      -84,
      78,
      -59,
      0,
      -99,
      -102,
      -36,
      0,
      0,
      7,
      -8,
      0,
      33,
      86,
      -45,
      -63,
      2,
      -88,
      -54,
      -65,
      -23,
      -40,
      -99,
      -65,
      -57,
      -113,
      120,
      65,
      8,
      -73,
      30,
      0,
      0,
      0,
      0,
      3,
      -32,
      0,
      0,
      0,
      0,
      0,
      0,
      2,
      77,
      0,
      0,
      0,
      0,
      0,
      0,
      0,
      81,
      96,
      0,
      0,
      0,
      1,
      2,
      118,
      51,
      46,
      48,
      46,
      48,
      45,
      97,
      118,
      114,
      51,
      50,
      45,
      50,
      48,
      49,
      56,
      48,
      57,
      49,
      52,
      45,
      49,
      54,
      48,
      54,
      0,
      0,
      0
    ],
    "pec": 5893,
    "packetErrors": 0,
    "frameErrors": 54,
    "frameErrorControl": 48335
  },
  "id": 1,
  "b1obc": {
    "bootCause": 256,
    "bootCount": 843,
    "clock": 1601665431,
    "curFlash": 1,
    "fsMounted": 1,
    "rawImage": 0,
    "tempA": 8.3,
    "tempB": 8.2,
    "ticks": 2184915000,
    "magX": -533.0769,
    "magY": 706.9231,
    "magZ": 86.15385,
    "memFree": 10328796,
    "bufferFree": 2040,
    "uptime": 2184915,
    "gyroX": -8.166208,
    "gyroY": -1.826923,
    "gyroZ": -1.5590658,
    "gyroTemp": 8.544706,
    "flashTotal": 65011712,
    "flashUsed": 38600704,
    "flashFree": 5332992,
    "gpioTest": 0,
    "gpioSw": 0,
    "gpioPwr": 1,
    "state": 2,
    "swVersion": "v3.0.0-avr32-20180914-1606",
    "trConn": 0,
    "trConnActive": 0
  },
  "header": {
    "priority": "CSP_PRIO_NORM",
    "source": 1,
    "destination": 15,
    "sourcePort": 29,
    "destinationPort": 14,
    "ffrag": false,
    "fhmac": false,
    "fxtea": false,
    "frdp": false,
    "fcrc32": false
  },
  "beginSample": 0,
  "beginMillis": 0,
  "endSample": 0
}