{
  "atr": {
    "id": 0,
    "defective": 0,
    "rst1": 46,
    "rst2": 286,
    "rst3": 225,
    "uptime1": 102,
    "uptime2": 59,
    "uptime3": 58,
    "checksum": 135
  },
  "header": {
    "destinationAddress": {
      "callsign": "CQ",
      "ssid": 0,
      "extensionBit": 0
    },
    "sourceAddress": {
      "callsign": "9A0CC",
      "ssid": 0,
      "extensionBit": 1
    },
    "frameType": "U",
    "sendSequenceNumber": 0,
    "receiveSequenceNumber": 0,
    "uControlType": "UI",
    "pid": 240
  },
  "beginSample": 0,
  "beginMillis": 0,
  "endSample": 0
}