{
  "uhf": {
    "uptime": 784630,
    "totalUptime": 3279301,
    "bootCount": 12,
    "rfSegmentResetCount": 0,
    "radioMcuTemp": 9.08,
    "rfChipTemp": 10.54,
    "rfPowerAmplifierTemp": 7.68,
    "digipeaterMessageCount": 53,
    "lastSenderCallsign": "DL7NDR",
    "rxDataPackets": 86,
    "txDataPackets": 204253,
    "rssi": -89.5,
    "rssiAferPreamble": -85.5
  },
  "header": {
    "destinationAddress": {
      "callsign": "CQ",
      "ssid": 0,
      "extensionBit": 0
    },
    "sourceAddress": {
      "callsign": "9A0CC",
      "ssid": 0,
      "extensionBit": 1
    },
    "frameType": "U",
    "sendSequenceNumber": 0,
    "receiveSequenceNumber": 0,
    "uControlType": "UI",
    "pid": 240
  },
  "beginSample": 0,
  "beginMillis": 0,
  "endSample": 0
}