{
  "primary": {
    "packetVersion": 0,
    "packetType": 0,
    "secondaryHeader": true,
    "applicationProcessId": 86,
    "sequenceFlag": 3,
    "sequenceCount": 14997,
    "packetDataLength": 232
  },
  "secondary": {
    "timestampSeconds": 714513703,
    "subSeconds": 2
  },
  "bctSoh": {
    "l0": {
      "wdt2secCounter": 0,
      "resetArmed": false,
      "wdtStatus": false,
      "wdtEnableStatus": true,
      "tableSelect": false,
      "bootRelay": true,
      "l0AcceptCounter": 0,
      "l0RejectCounter": 0,
      "hardwareSecondCounter": 208,
      "timeTag": 3601509091,
      "pldTlmAckCounter": 161,
      "pldCmdCounter": 155,
      "pldTlmTimeoutsCounter": 0,
      "pldTlmNackCounter": 0
    },
    "commandTlm": {
      "commandStatus": "OK",
      "realtimeCmdAcceptCounter": 46,
      "realtimeCmdRejectCounter": 0,
      "storedCmdAcceptCounter": 181,
      "storedCmdRejectCounter": 0,
      "macrosExecutingPack1": 0,
      "macrosExecutingPack2": 8
    },
    "general": {
      "scrubStatusOverall": true,
      "imageBooted": 0,
      "imageAutoFailover": 0
    },
    "time": {
      "taiSeconds": 7.145137034000001E8,
      "timeValid": true
    },
    "refs": {
      "positionWrtEci1": 1424.4548,
      "positionWrtEci2": -3789.7102,
      "positionWrtEci3": 5636.1616,
      "velocityWrtEci1": -3.6942787,
      "velocityWrtEci2": 5.0271797,
      "velocityWrtEci3": 4.292232,
      "refsValid": true
    },
    "attDet": {
      "qBodyWrtEci1": 0.8195176,
      "qBodyWrtEci2": -0.15039289,
      "qBodyWrtEci3": -0.21686639,
      "qBodyWrtEci4": 0.5086667,
      "bodyRate1": -4.5132E-4,
      "bodyRate2": 1.1085E-5,
      "bodyRate3": 1.455E-6,
      "badAttTimer": 0,
      "badRateTimer": 0,
      "reinitCount": 87,
      "attitudeValid": true,
      "measAttValid": true,
      "measRateValid": true,
      "trackerUsed": 1
    },
    "attCmd": {
      "hrCycleSafeMode": 1951940,
      "rotisserieRate": 0.0069999998,
      "adcsMode": "FINE_REF_POINT",
      "safeModeReason": "ATTITUDE_INVALID",
      "recommendSunPoint": false
    },
    "rwDrive": {
      "filteredSpeedRpm1": 281.2,
      "filteredSpeedRpm2": 683.2,
      "filteredSpeedRpm3": 100.8
    },
    "tracker": {
      "mode": "TRACK",
      "starIdStep": "IDLE",
      "attStatus": "OK",
      "numAttitudeStars": 33
    },
    "attCtrl": {
      "positionError1": -8.7445995E-5,
      "positionError2": -1.136E-5,
      "positionError3": -7.793999E-6,
      "timeIntoSearch": 1,
      "waitTimer": 131,
      "sunPointAngleError": 1.671,
      "sunPointState": "NOT_ACTIVE"
    },
    "momentum": {
      "momentumVectorBody1": 4.0E-4,
      "momentumVectorBody2": 2.0E-4,
      "momentumVectorBody3": -0.0011999999,
      "dutyCycle1": 1,
      "dutyCycle2": 33,
      "dutyCycle3": 11,
      "torqueRodMode1": "AUTO",
      "torqueRodMode2": "AUTO",
      "torqueRodMode3": "AUTO",
      "magSourceUsed": "MODELLED",
      "momentumVectorValid": true
    },
    "css": {
      "sunVectorBody1": -0.9996,
      "sunVectorBody2": -0.012999999,
      "sunVectorBody3": -0.026099999,
      "sunVectorStatus": "GOOD",
      "sunSensorUsed": 1
    },
    "mag": {
      "magVectorBody1": -1.165E-6,
      "magVectorBody2": -1.408E-5,
      "magVectorBody3": -1.502E-5,
      "magVectorValid": true
    },
    "imu": {
      "newPacketCount": 50,
      "imuVectorValid": true
    },
    "clockSync": {
      "hrRunCount": 2075667,
      "hrExecTimeMs": 7
    },
    "analogs": {
      "box1Temp": -6.895,
      "busVoltage": 19.734001,
      "batteryVoltage": 12.292001,
      "batteryCurrent": -1.8700001
    },
    "tracker2": {
      "mode": "STARID",
      "starIdStep": "WAITING_FOR_IMAGE1",
      "attStatus": "BAD",
      "numAttitudeStars": 0
    },
    "gps": {
      "gpsLockCount": 128,
      "gpsValid": false,
      "gpsEnable": true
    },
    "eventCheck": {
      "latchedRespFirePack1": 0,
      "latchedRespFirePack2": 8
    },
    "radio": {
      "sdMinuteCur": 154061,
      "sdPercentUsedTotal": 46,
      "sdOk": true,
      "sdFaultCount": 0,
      "sdrTxTxFrames": 18015,
      "sdrTxTemp": 19,
      "sdrTxCommError": true,
      "sqChannel": 65,
      "sqTrapCount": 0,
      "sqTemp": -4
    },
    "trackerCtrl": {
      "aidStatus1": 1,
      "aidStatus2": 1,
      "starIdStatus": 0
    }
  },
  "header": {
    "destinationAddress": {
      "callsign": "BCT",
      "ssid": 0,
      "extensionBit": 0
    },
    "sourceAddress": {
      "callsign": "CUTE",
      "ssid": 0,
      "extensionBit": 1
    },
    "frameType": "U",
    "sendSequenceNumber": 0,
    "receiveSequenceNumber": 0,
    "uControlType": "UI",
    "pid": 240
  },
  "beginSample": 0,
  "beginMillis": 0,
  "endSample": 0
}