{
  "primary": {
    "packetVersion": 0,
    "packetType": 0,
    "secondaryHeader": true,
    "applicationProcessId": 511,
    "sequenceFlag": 3,
    "sequenceCount": 13503,
    "packetDataLength": 119
  },
  "secondary": {
    "timestampSeconds": 3927857132,
    "subSeconds": 0
  },
  "payloadPrimary": {
    "packetVersion": 0,
    "packetType": 0,
    "secondaryHeader": true,
    "applicationProcessId": 1,
    "sequenceFlag": 3,
    "sequenceCount": 2805,
    "packetDataLength": 107
  },
  "payloadSwStat": {
    "shCoarse": 700675099,
    "shFine": 453,
    "pldSwVerMaj": 2,
    "pldSwVerMin": 0,
    "pldSwVerPatch": 1,
    "sdStateCard1": true,
    "sdStateCard0": true,
    "zynqTemp": 17.024475,
    "zynqVccInt": 1.017106,
    "zynqVccAux": 1.791838,
    "zynqVccBram": 1.013334,
    "zynqVccPint": 1.0142081,
    "zynqVccPaux": 1.788848,
    "zynqVccPdr0": 1.486812,
    "zynqStatus": 1,
    "procTemp": 5.875,
    "ccdP5": 4.8770647,
    "ccdP15": 14.889052,
    "ccdP32": 31.743666,
    "ccdN5": -5.1443624,
    "cmdRecvCount": 110,
    "cmdRjctCount": 1,
    "cmdSuccCount": 109,
    "cmdSuccOp": "CCD_EXPOSE",
    "cmdRjctOp": "TBL_LOAD_START",
    "cmdFailCode": "METHOD",
    "armStateSc": false,
    "armStateDbg": false,
    "logWriteCount": 964,
    "logDropCount": 0,
    "ccdEnaState": true,
    "ccdCtrlState": "IDLE",
    "ccdShutter": "CLOSED",
    "shutterOverride": false,
    "frameId": 391,
    "osCpuUsage": 39,
    "osCpuMax": 9920,
    "timePpsCount": 52401,
    "timeRecvCount": 52811,
    "timeMissCount": 2345,
    "fswMode": "SCIENCE",
    "tecState": false,
    "tecSlewRate": -0.1,
    "tecSetpoint": 10.0,
    "tecCcdRtd": -11.073853,
    "tecScRtd5": -5.2872314,
    "tecScRtd4": -2.7506409,
    "tecScRtd3": -12.81778,
    "tecScRtd2": -14.561691,
    "tecScRtd1": -15.43364,
    "tecShutter": 3.0323021,
    "tecVolt": 4,
    "tecAvgCurr": 5406,
    "tecCurr": 4,
    "imgState": 0,
    "imgCurrProcType": "SKIP"
  },
  "header": {
    "destinationAddress": {
      "callsign": "BCT",
      "ssid": 0,
      "extensionBit": 0
    },
    "sourceAddress": {
      "callsign": "CUTE",
      "ssid": 0,
      "extensionBit": 1
    },
    "frameType": "U",
    "sendSequenceNumber": 0,
    "receiveSequenceNumber": 0,
    "uControlType": "UI",
    "pid": 240
  },
  "beginSample": 0,
  "beginMillis": 0,
  "endSample": 0
}