{
  "packets": [
    {
      "payload": [
        0,
        0,
        0,
        0,
        0,
        0,
        0,
        0,
        0,
        0,
        0,
        0,
        0,
        0,
        0,
        0,
        0,
        0,
        64,
        91
      ]
    },
    {
      "header": {
        "packetVersion": 0,
        "packetType": 0,
        "secondaryHeader": true,
        "applicationProcessId": 2,
        "sequenceFlag": 3,
        "sequenceCount": 5182,
        "packetDataLength": 8
      },
      "secondaryHeader": {
        "pusVersion": 1,
        "serviceType": 1,
        "serviceSubType": 7
      },
      "payload": [
        16,
        1,
        7,
        24,
        2,
        -62,
        80
      ]
    },
    {
      "header": {
        "packetVersion": 0,
        "packetType": 0,
        "secondaryHeader": true,
        "applicationProcessId": 2,
        "sequenceFlag": 3,
        "sequenceCount": 5183,
        "packetDataLength": 12
      },
      "secondaryHeader": {
        "pusVersion": 1,
        "serviceType": 5,
        "serviceSubType": 1
      },
      "payload": [
        16,
        5,
        1,
        0,
        -34,
        0,
        16,
        0,
        0,
        0,
        0
      ]
    },
    {
      "header": {
        "packetVersion": 0,
        "packetType": 0,
        "secondaryHeader": true,
        "applicationProcessId": 2,
        "sequenceFlag": 3,
        "sequenceCount": 5184,
        "packetDataLength": 249
      },
      "secondaryHeader": {
        "pusVersion": 1,
        "serviceType": 13,
        "serviceSubType": 3
      },
      "payload": [
        16,
        13,
        3,
        -67,
        0,
        9,
        0,
        9,
        0,
        0,
        0,
        0,
        0,
        0,
        0,
        0,
        0,
        0,
        0,
        0,
        0,
        2,
        -71,
        90,
        70,
        -114,
        -92,
        -96,
        -128,
        0,
        51,
        30,
        75,
        10,
        -41,
        55,
        -128,
        36,
        35,
        5,
        -64,
        33,
        16,
        69,
        57,
        95,
        73,
        53,
        57,
        82,
        73,
        122,
        32,
        44,
        16,
        0,
        81,
        4,
        -111,
        -118,
        -55,
        -64,
        15,
        -17,
        -1,
        -5,
        -65,
        -6,
        63,
        -17,
        21,
        -122,
        -8,
        -31,
        -93,
        67,
        -107,
        -86,
        0,
        0,
        0,
        0,
        0,
        0,
        0,
        0,
        30,
        69,
        -65,
        -9,
        73,
        -43,
        -1,
        -1,
        -1,
        -1,
        -125,
        15,
        63,
        -1,
        -1,
        -1,
        -1,
        0,
        0,
        -1,
        -1,
        -1,
        -64,
        0,
        63,
        -1,
        -1,
        -1,
        -1,
        -1,
        -4,
        0,
        0,
        3,
        0,
        0,
        0,
        70,
        0,
        55,
        0,
        71,
        0,
        0,
        15,
        8,
        -1,
        -1,
        -1,
        -1,
        -1,
        -1,
        -4,
        0,
        0,
        0,
        0,
        0,
        0,
        0,
        0,
        0,
        0,
        0,
        0,
        0,
        0,
        0,
        0,
        0,
        0,
        0,
        0,
        0,
        0,
        0,
        0,
        0,
        0,
        0,
        0,
        0,
        0,
        0,
        0,
        0,
        0,
        0,
        0,
        0,
        0,
        0,
        0,
        0,
        0,
        0,
        0,
        0,
        0,
        0,
        0,
        0,
        0,
        0,
        0,
        0,
        0,
        0,
        0,
        0,
        0,
        0,
        0,
        0,
        0,
        0,
        0,
        0,
        0,
        0,
        0,
        0,
        0,
        0,
        0,
        0,
        0,
        0,
        0,
        0,
        0,
        0,
        0,
        0,
        0,
        0,
        0,
        0,
        0,
        0,
        0,
        0,
        0,
        0,
        0,
        0,
        0,
        0,
        0,
        0,
        0,
        0,
        0,
        0,
        0,
        0,
        0,
        0,
        0,
        0,
        0,
        0
      ]
    }
  ],
  "header": {
    "version": 0,
    "spacecraftId": 2,
    "virtualChannelId": 0,
    "ocf": false,
    "masterChannelFrameCount": 159,
    "virtualChannelFrameCount": 159,
    "fieldStatus": {
      "secondaryHeader": false,
      "sync": false,
      "packetOrder": false,
      "segmentLengthId": 3,
      "firstHeaderPointer": 20
    }
  },
  "beginSample": 0,
  "beginMillis": 0,
  "endSample": 0
}