{
  "packets": [
    {
      "header": {
        "packetVersion": 0,
        "packetType": 0,
        "secondaryHeader": true,
        "applicationProcessId": 2,
        "sequenceFlag": 3,
        "sequenceCount": 88,
        "packetDataLength": 211
      },
      "secondaryHeader": {
        "pusVersion": 1,
        "serviceType": 3,
        "serviceSubType": 25
      },
      "housekeeping": {
        "structureId": 2,
        "struct02": {
          "versionSatellitestring0": "EIRSAT-1",
          "versionMessagestring0": "Ireland\u0027s First Satellite!",
          "coreObtTime0": 5956759,
          "coreObtUptime0": 1812,
          "mode": "SAFE",
          "separationSequence": {
            "state0": 66,
            "antswitchesstatuses03UhfMinusy": true,
            "antswitchesstatuses02VhfMinusx": true,
            "antswitchesstatuses01UhfPlusy": true,
            "antswitchesstatuses00VhfPlusx": true,
            "platformObcObcCurrbootimage0": "PRIMARY1",
            "commsHmacSequencenumber0": 36351
          },
          "obc": {
            "telemetryadcbChanneloutput7Obctemperature": 27.109146,
            "gpsLastvalidstatevec0Locktime": 0,
            "gpsLastvalidstatevec0Lockfinetime": 0,
            "gpsLastvalidstatevec0Ecefpositionx": 0.0,
            "gpsLastvalidstatevec0Ecefpositiony": 0.0,
            "gpsLastvalidstatevec0Ecefpositionz": 0.0,
            "gpsLastvalidstatevec0Ecefvelocityx": 0.0,
            "gpsLastvalidstatevec0Ecefvelocityy": 0.0,
            "gpsLastvalidstatevec0Ecefvelocityz": 0.0,
            "gpsLastvalidstatevec0Hours": 0,
            "gpsLastvalidstatevec0Minutes": 0,
            "gpsLastvalidstatevec0Seconds": 0,
            "gpsLastvalidstatevec0Milliseconds": 0
          },
          "bat": {
            "batterycurrent2": 14.662757,
            "batteryvoltage2": 7.4102316,
            "batterytemperature0": 27.424377,
            "batterytemperature1": 27.821991,
            "batterytemperature2": 26.62918,
            "batterycurrentdir0": false,
            "packedheaterstatus0": false,
            "packedheaterstatus1": false,
            "packedheaterstatus2": false
          },
          "eps": {
            "actualswitchstatesbitmap09": false,
            "actualswitchstatesbitmap08": false,
            "actualswitchstatesbitmap07": false,
            "actualswitchstatesbitmap06": false,
            "actualswitchstatesbitmap05": false,
            "actualswitchstatesbitmap04": false,
            "actualswitchstatesbitmap03": false,
            "actualswitchstatesbitmap02": false,
            "actualswitchstatesbitmap01": false,
            "actualswitchstatesbitmap00": false,
            "switchovercurrentbitmap09": false,
            "switchovercurrentbitmap08": false,
            "switchovercurrentbitmap07": false,
            "switchovercurrentbitmap06": false,
            "switchovercurrentbitmap05": false,
            "switchovercurrentbitmap04": false,
            "switchovercurrentbitmap03": false,
            "switchovercurrentbitmap02": false,
            "switchovercurrentbitmap01": false,
            "switchovercurrentbitmap00": false,
            "boardTemperature0": 28.521545,
            "busVoltages0Battery": 8.358518,
            "busVoltages13v3": 3.332403,
            "busVoltages25v": 5.0439,
            "busVoltages312v": 11.97912,
            "busCurrents0Battery": 0.015711,
            "busCurrents13v3": 0.14663601,
            "busCurrents25v": 0.083792,
            "busCurrents312v": 0.00414
          },
          "adcsArray": {
            "temperature1Plusx": 224.42926,
            "temperature4Minusx": 223.01788,
            "temperature3Plusy": 220.85889,
            "temperature2Minusy": 223.01025
          },
          "epsSolar": {
            "currents1Plusx": 9.775E-4,
            "currents4Minusx": 0.001955,
            "currents3Plusy": 9.775E-4,
            "currents2Minusy": 0.001955,
            "voltages0": 0.0322581,
            "voltages1": 0.0645162,
            "voltages2": 0.0322581
          },
          "adcs": {
            "packedadcsmode0": "STANDBY",
            "executioncount0": 3226,
            "rawgyrorate0": 0.104166,
            "rawgyrorate1": 0.2187486,
            "rawgyrorate2": -0.2916648,
            "fss1alphaangle0": 0.0,
            "fss1betaangle0": 1.4E-45
          },
          "cmc": {
            "mode0": 0,
            "beaconenable0": true,
            "txtransparent0": true,
            "txconvenabled0": false,
            "txpower0": 0.5,
            "rxlock0": true,
            "rxrssi0": 593,
            "rxfrequencyoffset0": 145.825,
            "rxpacketcount0": 0,
            "temperaturepa0": 27,
            "current5v0": 0.0,
            "voltage5v0": 5.012,
            "rxcrcerrorcount0": 0
          },
          "emod": {
            "dpResetcounter0": 255,
            "dpEmodmode0": "OFF",
            "dpLastpageaddr0": 16777215,
            "autopollpages0": false,
            "nextpageaddrtopoll0": 0
          },
          "gmod": {
            "dpResetcounter0": 255,
            "dpGmodmode0": "OFF",
            "dpLastpagesumaddr0": 16777215,
            "dpStreamsumchstatus0": "OFF",
            "lastpagesumaddrrx0": 0,
            "dpLastpage16addr0": 16777215,
            "dpStream16chstatus0": "OFF",
            "lastpage16addrrx0": 0,
            "dpBiasvoltage0": 65535,
            "dpBiasoffsetvalue0": 65535,
            "dpBoostconverterenable0": "OFF",
            "dpBiasoffsetvoltage0": 65535,
            "dpBiasoffsetenable0": "OFF",
            "grbtriggeringenabled0": false,
            "grbtriggercount0": 0
          },
          "wbc": {
            "wbcenabled0": false,
            "controllerexecutioncount0": 0
          },
          "coreEvent": {
            "eventcount0": 19,
            "lastevent0Severity": 0,
            "lastevent0EventId": 29,
            "lastevent0EventSourceId": 614,
            "lastevent0Info": 143378
          },
          "datapool": {
            "paramvalid170": true,
            "paramvalid43": true,
            "paramvalid44": true,
            "paramvalid46": true,
            "paramvalid42": true,
            "paramvalid56": true,
            "paramvalid73": true,
            "paramvalid74": true,
            "paramvalid77": true,
            "paramvalid85": true,
            "paramvalid86": true,
            "paramvalid129": true,
            "paramvalid80": true,
            "paramvalid84": true,
            "paramvalid130": true,
            "paramvalid131": true,
            "paramvalid89": true,
            "paramvalid95": true,
            "paramvalid96": true,
            "paramvalid2": true,
            "paramvalid3": true,
            "paramvalid7": true,
            "paramvalid8": true,
            "paramvalid11": true,
            "paramvalid20": true,
            "paramvalid22": true,
            "paramvalid19": true,
            "paramvalid26": true,
            "paramvalid32": true,
            "paramvalid36": true,
            "paramvalid34": true,
            "paramvalid28": true,
            "paramvalid142": true,
            "paramvalid141": true,
            "paramvalid143": true,
            "paramvalid139": true,
            "paramvalid140": true,
            "paramvalid149": true,
            "paramvalid148": true,
            "paramvalid150": true,
            "paramvalid151": true,
            "paramvalid144": true,
            "paramvalid152": true,
            "paramvalid153": true,
            "paramvalid145": true,
            "paramvalid154": true,
            "paramvalid155": true,
            "paramvalid156": true,
            "paramvalid157": true,
            "paramvalid158": true,
            "paramvalid146": true,
            "paramvalid147": true,
            "paramvalid168": true,
            "paramvalid169": true
          }
        }
      }
    }
  ],
  "header": {
    "version": 0,
    "spacecraftId": 1,
    "virtualChannelId": 0,
    "ocf": false,
    "masterChannelFrameCount": 88,
    "virtualChannelFrameCount": 88,
    "fieldStatus": {
      "secondaryHeader": false,
      "sync": false,
      "packetOrder": false,
      "segmentLengthId": 3,
      "firstHeaderPointer": 0
    }
  },
  "beginSample": 0,
  "beginMillis": 0,
  "endSample": 0
}