{
  "header": {
    "destinationAddress": {
      "callsign": "BEACON",
      "ssid": 0,
      "extensionBit": 0
    },
    "sourceAddress": {
      "callsign": "RS20S",
      "ssid": 0,
      "extensionBit": 0
    },
    "frameType": "U",
    "sendSequenceNumber": 0,
    "receiveSequenceNumber": 0,
    "uControlType": "UI",
    "pid": 240
  },
  "telemetry": {
    "obcTimestamp": 98631692,
    "epsCellCurrent": 0.1125254,
    "epsSystemCurrent": 8.3051994E-4,
    "epsCellVoltageHalf": 6.2352E-4,
    "epsCellVoltageFull": 5.616668,
    "adcTemperaturePosX": -57,
    "adcTemperatureNegX": 9,
    "adcTemperaturePosY": -26,
    "adcTemperatureNegY": -21,
    "adcTemperaturePosZ": 0,
    "adcTemperatureNegZ": -5,
    "adcTemperatureCell1": 1,
    "adcTemperatureCell2": 0,
    "obcCpuLoad": 0.0,
    "obcBootCount": -7476,
    "commBootCount": -1505,
    "commRssi": -99
  },
  "rawData": [
    1,
    0,
    38,
    4,
    32,
    -124,
    -118,
    -126,
    -122,
    -98,
    -100,
    96,
    -92,
    -90,
    100,
    96,
    -90,
    64,
    96,
    3,
    -16,
    12,
    0,
    -31,
    5,
    -67,
    5,
    27,
    0,
    9,
    0,
    88,
    -98,
    -57,
    9,
    -26,
    -21,
    0,
    -5,
    1,
    0,
    0,
    0,
    0,
    0,
    0,
    0,
    0,
    0,
    0,
    0,
    0,
    0,
    0,
    0,
    0,
    0,
    0,
    0,
    0,
    0,
    0,
    0,
    0
  ],
  "beginSample": 4258,
  "beginMillis": 0,
  "endSample": 6898
}