{
  "geoscanHeader": {
    "satId": 4,
    "fieldSize": 67
  },
  "file": {
    "offset": 10422,
    "filenum": 16,
    "data": [
      -102,
      -45,
      85,
      -99,
      10,
      -12,
      106,
      -11,
      -80,
      110,
      -12,
      101,
      19,
      74,
      123,
      -98,
      81,
      -88,
      38,
      -46,
      107,
      42,
      101,
      -91,
      99,
      -68,
      -89,
      32,
      -86,
      -78,
      14,
      43,
      38,
      34,
      6,
      28,
      -44,
      68,
      86,
      64,
      -49,
      -48,
      -24,
      -22,
      -52,
      117,
      -12,
      -25,
      -50,
      19,
      -87,
      -59,
      89,
      -120
    ]
  },
  "beginSample": 0,
  "beginMillis": 0,
  "endSample": 0
}