{
  "primary": {
    "packetVersion": 0,
    "packetType": 0,
    "secondaryHeader": true,
    "applicationProcessId": 1,
    "sequenceFlag": 3,
    "sequenceCount": 14145,
    "packetDataLength": 249
  },
  "secondary": {
    "shCoarse": 1106739456,
    "shFine": 57600
  },
  "telemetry": {
    "cmdRecvCount": 242,
    "cmdFailCount": 1,
    "cmdSuccCount": 241,
    "cmdSuccOp": "CMD_OPCODE_SD_PLAYBACK",
    "cmdFailOp": "CMD_OPCODE_SD_PLAYBACK",
    "cmdFailCode": "METHOD",
    "pwrStatus": {
      "eclipseState": "SUN",
      "sd1": true,
      "sd0": false,
      "htr": false,
      "sband": false,
      "adcs": true,
      "cip": false,
      "daxss": true
    },
    "sdReadMisc": 16942,
    "sdReadScic": 10082,
    "sdReadScid": 4903,
    "sdReadAdcs": 166580,
    "sdReadBeacon": 146832,
    "sdReadLog": 4255,
    "sdWriteMisc": 434456,
    "sdWriteScic": 6343515,
    "sdWriteScid": 6949347,
    "sdWriteAdcs": 786009,
    "sdWriteBeacon": 18189635,
    "sdWriteLog": 110625,
    "cmdLossTimer": 166121,
    "aliveFlags": {
      "cltState": false,
      "daxss": true,
      "cip": false,
      "adcs": true,
      "sband": false,
      "uhf": true,
      "sd1": true,
      "sd0": false
    },
    "cipComstat": 0,
    "cipTemp1": 0.0,
    "cipTemp2": 0.0,
    "cipTemp3": 0.0,
    "uhfTemp": {
      "tempBuff": 0,
      "temp": 54
    },
    "uhfConfig": {
      "locked": false,
      "feedback": "N",
      "swd": false,
      "afc": true,
      "echo": true,
      "channel": "A"
    },
    "sbandPaCurr": 0.0,
    "sbandPaVolt": 0.0,
    "sbandRfPwr": 0.0,
    "sbandPaTemp": -50.0,
    "sbandTopTemp": 0.0,
    "sbandBottomTemp": 0.0,
    "adcsCmdAcpt": 0,
    "adcsCmdFail": 0,
    "adcsTime": 0,
    "adcsInfo": {
      "attValid": true,
      "refValid": false,
      "timeValid": false,
      "mode": "SUN",
      "recommendSunPoint": true,
      "sunPointState": "ON_SUN"
    },
    "adcsStarTemp": 8.8,
    "adcsWheelTemp1": 4.81,
    "adcsWheelTemp2": 1.555,
    "adcsWheelTemp3": 1.91,
    "adcsDigiBusVolt": 4.8375,
    "adcsSunVec1": 7.0E-4,
    "adcsSunVec2": -0.0014,
    "adcsSunVec3": -1.0,
    "adcsWheelSp1": 84.8,
    "adcsWheelSp2": -288.0,
    "adcsWheelSp3": 1.6,
    "adcsBodyRt1": -2.5135E-5,
    "adcsBodyRt2": 1.2531E-4,
    "adcsBodyRt3": -0.00665173,
    "daxssTimeSec": 1345647478,
    "daxssCmdOp": 150,
    "daxssCmdSucc": 1,
    "daxssCmdFail": 0,
    "daxssCdhEnables": 1025,
    "daxssCdhTemp": 8.499455,
    "daxssSpsRate": 123448,
    "daxssSpsX": 0,
    "daxssSpsY": 0,
    "daxssSlowCount": 0,
    "batFg1": 100.02485,
    "daxssCurr": 0.080000006,
    "daxssVolt": 8.368,
    "cdhCurr": 0.256,
    "cdhVolt": 3.3040001,
    "sbandCurr": 0.0,
    "sbandVolt": 0.568,
    "uhfCurr": 0.036000002,
    "uhfVolt": 5.992,
    "heaterCurr": 0.0,
    "heaterVolt": 0.0,
    "sp2Curr": 0.032,
    "sp2Volt": 21.656,
    "sp1Curr": 0.056,
    "sp1Volt": 21.800001,
    "sp0Curr": 0.24249999,
    "sp0Volt": 25.35,
    "batVcell": 53632,
    "gps12v2Curr": 0.028,
    "gps12v2Volt": 12.224001,
    "gps12v1Curr": 0.024,
    "gps12v1Volt": 12.216001,
    "batCurr": 0.63600004,
    "batVolt": 8.376,
    "adcsCurr": 0.18400002,
    "adcsVolt": 12.224001,
    "current3p3": 0.268,
    "voltage3p3": 3.2960002,
    "cipCurr": 0.0,
    "cipVolt": 0.0,
    "obcTemp": 9.890575,
    "epsTemp": 16.903955,
    "intTemp": 12.442471,
    "sp0Temp": 79.7837,
    "bat0Temp": -0.41594073,
    "sp1Temp": 63.355804,
    "bat1Temp": 1.1849124,
    "sp2Temp": 66.39451,
    "batFg3": 100.34123,
    "bat0TempConv": -0.34396166,
    "bat1TempConv": 1.257407,
    "mode": "SAFE"
  },
  "header": {
    "destinationAddress": {
      "callsign": "IS-1",
      "ssid": 0,
      "extensionBit": 0
    },
    "sourceAddress": {
      "callsign": "BCT",
      "ssid": 0,
      "extensionBit": 1
    },
    "frameType": "U",
    "sendSequenceNumber": 0,
    "receiveSequenceNumber": 0,
    "uControlType": "UI",
    "pid": 240
  },
  "beginSample": 0,
  "beginMillis": 0,
  "endSample": 0
}