{
  "dos": {
    "mode": 80,
    "gyrX": 0,
    "gyrY": 0,
    "gyrZ": 0,
    "magX": 531,
    "magY": 1044,
    "magZ": -234,
    "plasma": 65472,
    "phd": 406,
    "dozi": 13,
    "gyrT": 53,
    "magT": 109,
    "lppa": 107,
    "busCur": 114,
    "busVol": 170,
    "uptime": 40605
  },
  "header": {
    "destinationAddress": {
      "callsign": "CQ",
      "ssid": 0,
      "extensionBit": 0
    },
    "sourceAddress": {
      "callsign": "OK0LSR",
      "ssid": 0,
      "extensionBit": 1
    },
    "frameType": "U",
    "sendSequenceNumber": 0,
    "receiveSequenceNumber": 0,
    "uControlType": "UI",
    "pid": 240
  },
  "beginSample": 0,
  "beginMillis": 0,
  "endSample": 0
}