{
  "transferFrame": {
    "versionNumber": 0,
    "spacecraftId": 65,
    "virtualChannelId": 1,
    "virtualChannelFrameCounter": 214,
    "firstHeaderPointer": 0,
    "emptyFrame": false,
    "ocf": true,
    "sequenceFlags": 3,
    "fixedLengthFrame": false,
    "primaryHeader": {
      "packetVersion": 0,
      "packetType": 0,
      "secondaryHeader": true,
      "applicationProcessId": 1,
      "sequenceFlag": 3,
      "sequenceCount": 16383,
      "packetDataLength": 90
    },
    "secondaryHeader": {
      "tmPacketPusVersionNumber": 1,
      "spacecraftTimeReferenceStatus": 0,
      "serviceTypeId": 3,
      "messageSubtypeId": 25,
      "messageTypeCounter": 35177,
      "destinationId": 1000,
      "time": {
        "day": 17939,
        "millisecondsOfTheDay": 37187006
      }
    },
    "payload": [
      0,
      3,
      -97,
      0,
      1,
      0,
      17,
      -96,
      0,
      1,
      0,
      13,
      -97,
      0,
      1,
      0,
      8,
      -97,
      0,
      1,
      0,
      14,
      0,
      -83,
      7,
      89,
      -1,
      -98,
      0,
      9,
      -88,
      80,
      0,
      0,
      11,
      48,
      0,
      1,
      9,
      81,
      0,
      0,
      0,
      -77,
      8,
      107,
      88,
      -78,
      0,
      68,
      79,
      -4,
      0,
      12,
      89,
      23,
      0,
      0,
      98,
      57,
      0,
      -38,
      0,
      0,
      0,
      1,
      -1,
      -96,
      1,
      3,
      9,
      -71,
      -3,
      101,
      35,
      6
    ],
    "pec": 60475,
    "packetErrors": 0,
    "frameErrors": 11,
    "frameErrorControl": 26005
  },
  "id": 3,
  "b3TtcGssb": {
    "nx": {
      "rebootCount": 159,
      "currentState": 0,
      "antennaState": 1,
      "attemptsTotal": 17
    },
    "ny": {
      "rebootCount": 160,
      "currentState": 0,
      "antennaState": 1,
      "attemptsTotal": 13
    },
    "px": {
      "rebootCount": 159,
      "currentState": 0,
      "antennaState": 1,
      "attemptsTotal": 8
    },
    "py": {
      "rebootCount": 159,
      "currentState": 0,
      "antennaState": 1,
      "attemptsTotal": 14
    },
    "tempBrd": 17.300001,
    "lastRferr": 1881,
    "lastRssi": -98,
    "totRxBytes": 632912,
    "rxBytes": 2864,
    "totRxCount": 67921,
    "rxCount": 179,
    "totTxBytes": 141252786,
    "txBytes": 4476924,
    "totTxCount": 809239,
    "txCount": 25145,
    "tempPa": 21.800001,
    "bootCause": 1,
    "bgndRssi": -96,
    "activeConf": 1,
    "bootCount": 777,
    "lastContact": 3120391459,
    "txDuty": 6
  },
  "header": {
    "priority": "CSP_PRIO_NORM",
    "source": 1,
    "destination": 15,
    "sourcePort": 29,
    "destinationPort": 14,
    "ffrag": false,
    "fhmac": false,
    "fxtea": false,
    "frdp": false,
    "fcrc32": false
  },
  "beginSample": 0,
  "beginMillis": 0,
  "endSample": 0
}