{
  "transferFrame": {
    "versionNumber": 0,
    "spacecraftId": 65,
    "virtualChannelId": 1,
    "virtualChannelFrameCounter": 215,
    "firstHeaderPointer": 0,
    "emptyFrame": false,
    "ocf": true,
    "sequenceFlags": 3,
    "fixedLengthFrame": false,
    "primaryHeader": {
      "packetVersion": 0,
      "packetType": 0,
      "secondaryHeader": true,
      "applicationProcessId": 1,
      "sequenceFlag": 3,
      "sequenceCount": 16383,
      "packetDataLength": 101
    },
    "secondaryHeader": {
      "tmPacketPusVersionNumber": 1,
      "spacecraftTimeReferenceStatus": 0,
      "serviceTypeId": 3,
      "messageSubtypeId": 25,
      "messageTypeCounter": 35178,
      "destinationId": 1000,
      "time": {
        "day": 17939,
        "millisecondsOfTheDay": 37187114
      }
    },
    "payload": [
      0,
      4,
      1,
      -61,
      81,
      13,
      104,
      66,
      -19,
      51,
      50,
      -61,
      1,
      84,
      115,
      0,
      0,
      0,
      0,
      0,
      0,
      0,
      0,
      0,
      0,
      0,
      0,
      0,
      0,
      0,
      0,
      0,
      0,
      0,
      0,
      0,
      0,
      0,
      0,
      0,
      1,
      62,
      -94,
      -16,
      0,
      62,
      -99,
      37,
      72,
      -66,
      -41,
      -5,
      75,
      -61,
      -127,
      67,
      -48,
      67,
      -108,
      41,
      -23,
      -62,
      65,
      103,
      4,
      1,
      1,
      0,
      1,
      0,
      1,
      0,
      0,
      0,
      1,
      0,
      -5,
      0,
      1,
      0,
      0,
      0,
      0,
      0,
      7,
      0,
      0
    ],
    "pec": 26251,
    "packetErrors": 0,
    "frameErrors": 11,
    "frameErrorControl": 13254
  },
  "id": 4,
  "b4Adcs": {
    "extMagValid": 1,
    "extMagX": -209.05237,
    "extMagY": 118.59999,
    "extMagZ": -129.32988,
    "gpsPosDevX": 0.0,
    "gpsPosDevY": 0.0,
    "gpsPosDevZ": 0.0,
    "gpsPosX": 0.0,
    "gpsPosY": 0.0,
    "gpsPosZ": 0.0,
    "gpsValid": 0,
    "gyroValid": 1,
    "gyroX": 0.3182373,
    "gyroY": 0.30692506,
    "gyroZ": -0.4218391,
    "magX": -258.5298,
    "magY": 296.32742,
    "magZ": -48.3506,
    "magValid": 1,
    "statusRun": 1,
    "acsMode": 0,
    "adsMode": 1,
    "ephemMode": 0,
    "bdotDetumb": 1,
    "bootCause": 1,
    "bootCount": 251,
    "curGssb1": 1,
    "curGssb2": 0,
    "curPwm": 0,
    "curGps": 7,
    "curWde": 0
  },
  "header": {
    "priority": "CSP_PRIO_NORM",
    "source": 1,
    "destination": 15,
    "sourcePort": 29,
    "destinationPort": 14,
    "ffrag": false,
    "fhmac": false,
    "fxtea": false,
    "frdp": false,
    "fcrc32": false
  },
  "beginSample": 0,
  "beginMillis": 0,
  "endSample": 0
}