{
  "transferFrame": {
    "versionNumber": 0,
    "spacecraftId": 65,
    "virtualChannelId": 1,
    "virtualChannelFrameCounter": 211,
    "firstHeaderPointer": 0,
    "emptyFrame": false,
    "ocf": true,
    "sequenceFlags": 3,
    "fixedLengthFrame": false,
    "primaryHeader": {
      "packetVersion": 0,
      "packetType": 0,
      "secondaryHeader": true,
      "applicationProcessId": 1,
      "sequenceFlag": 3,
      "sequenceCount": 16383,
      "packetDataLength": 140
    },
    "secondaryHeader": {
      "tmPacketPusVersionNumber": 1,
      "spacecraftTimeReferenceStatus": 0,
      "serviceTypeId": 3,
      "messageSubtypeId": 25,
      "messageTypeCounter": 35175,
      "destinationId": 1000,
      "time": {
        "day": 17939,
        "millisecondsOfTheDay": 37186814
      }
    },
    "payload": [
      0,
      1,
      0,
      0,
      1,
      0,
      0,
      3,
      92,
      98,
      -99,
      -63,
      0,
      0,
      1,
      0,
      0,
      -110,
      0,
      -106,
      35,
      -128,
      -54,
      120,
      68,
      19,
      -128,
      0,
      -62,
      -4,
      78,
      -59,
      -61,
      -75,
      -119,
      -39,
      0,
      -82,
      63,
      101,
      0,
      0,
      7,
      -7,
      0,
      9,
      22,
      -69,
      -64,
      115,
      -12,
      -65,
      62,
      -105,
      53,
      115,
      -65,
      24,
      -9,
      -113,
      65,
      123,
      -82,
      20,
      0,
      0,
      0,
      0,
      3,
      -32,
      0,
      0,
      0,
      0,
      0,
      0,
      0,
      -5,
      -32,
      0,
      0,
      0,
      0,
      0,
      2,
      -28,
      32,
      0,
      0,
      0,
      1,
      2,
      118,
      49,
      46,
      49,
      46,
      48,
      45,
      103,
      99,
      99,
      45,
      50,
      48,
      49,
      56,
      49,
      48,
      51,
      48,
      45,
      49,
      54,
      58,
      50,
      50,
      58,
      51,
      49,
      0,
      0,
      0,
      0,
      0,
      0
    ],
    "pec": 14047,
    "packetErrors": 0,
    "frameErrors": 11,
    "frameErrorControl": 26008
  },
  "id": 1,
  "b1obc": {
    "bootCause": 256,
    "bootCount": 3,
    "clock": 1549966785,
    "curFlash": 0,
    "fsMounted": 1,
    "rawImage": 0,
    "tempA": 14.6,
    "tempB": 15.0,
    "ticks": 595643000,
    "magX": 590.0,
    "magY": -126.15385,
    "magZ": -363.07693,
    "memFree": 11419493,
    "bufferFree": 2041,
    "uptime": 595643,
    "gyroX": -3.811813,
    "gyroY": 0.29532966,
    "gyroZ": -0.59752744,
    "gyroTemp": 15.73,
    "flashTotal": 65011712,
    "flashUsed": 16506880,
    "flashFree": 48504832,
    "gpioTest": 0,
    "gpioSw": 0,
    "gpioPwr": 1,
    "state": 2,
    "swVersion": "v1.1.0-gcc-20181030-16:22:31",
    "trConn": 0,
    "trConnActive": 0
  },
  "header": {
    "priority": "CSP_PRIO_NORM",
    "source": 1,
    "destination": 15,
    "sourcePort": 29,
    "destinationPort": 14,
    "ffrag": false,
    "fhmac": false,
    "fxtea": false,
    "frdp": false,
    "fcrc32": false
  },
  "rawData": [
    -126,
    -13,
    -99,
    0,
    4,
    17,
    -45,
    0,
    14,
    8,
    1,
    -1,
    -1,
    0,
    -116,
    16,
    3,
    25,
    -119,
    103,
    3,
    -24,
    70,
    19,
    2,
    55,
    108,
    -2,
    0,
    1,
    0,
    0,
    1,
    0,
    0,
    3,
    92,
    98,
    -99,
    -63,
    0,
    0,
    1,
    0,
    0,
    -110,
    0,
    -106,
    35,
    -128,
    -54,
    120,
    68,
    19,
    -128,
    0,
    -62,
    -4,
    78,
    -59,
    -61,
    -75,
    -119,
    -39,
    0,
    -82,
    63,
    101,
    0,
    0,
    7,
    -7,
    0,
    9,
    22,
    -69,
    -64,
    115,
    -12,
    -65,
    62,
    -105,
    53,
    115,
    -65,
    24,
    -9,
    -113,
    65,
    123,
    -82,
    20,
    0,
    0,
    0,
    0,
    3,
    -32,
    0,
    0,
    0,
    0,
    0,
    0,
    0,
    -5,
    -32,
    0,
    0,
    0,
    0,
    0,
    2,
    -28,
    32,
    0,
    0,
    0,
    1,
    2,
    118,
    49,
    46,
    49,
    46,
    48,
    45,
    103,
    99,
    99,
    45,
    50,
    48,
    49,
    56,
    49,
    48,
    51,
    48,
    45,
    49,
    54,
    58,
    50,
    50,
    58,
    51,
    49,
    0,
    0,
    0,
    0,
    0,
    0,
    54,
    -33,
    0,
    0,
    0,
    11,
    101,
    -104
  ],
  "beginSample": 25325,
  "beginMillis": 0,
  "endSample": 41085
}