{
  "transferFrame": {
    "versionNumber": 0,
    "spacecraftId": 65,
    "virtualChannelId": 1,
    "virtualChannelFrameCounter": 217,
    "firstHeaderPointer": 0,
    "emptyFrame": false,
    "ocf": true,
    "sequenceFlags": 3,
    "fixedLengthFrame": false,
    "primaryHeader": {
      "packetVersion": 0,
      "packetType": 0,
      "secondaryHeader": true,
      "applicationProcessId": 1,
      "sequenceFlag": 3,
      "sequenceCount": 16383,
      "packetDataLength": 108
    },
    "secondaryHeader": {
      "tmPacketPusVersionNumber": 1,
      "spacecraftTimeReferenceStatus": 0,
      "serviceTypeId": 3,
      "messageSubtypeId": 25,
      "messageTypeCounter": 35179,
      "destinationId": 1000,
      "time": {
        "day": 17939,
        "millisecondsOfTheDay": 37187133
      }
    },
    "payload": [
      0,
      5,
      65,
      96,
      0,
      0,
      65,
      0,
      0,
      0,
      65,
      80,
      0,
      0,
      67,
      127,
      0,
      0,
      66,
      80,
      0,
      0,
      0,
      0,
      0,
      0,
      65,
      60,
      0,
      0,
      65,
      108,
      0,
      0,
      65,
      -119,
      64,
      0,
      65,
      74,
      0,
      0,
      66,
      8,
      -32,
      0,
      65,
      110,
      0,
      0,
      0,
      0,
      0,
      0,
      0,
      0,
      0,
      0,
      0,
      0,
      0,
      0,
      65,
      54,
      -67,
      36,
      0,
      97,
      0,
      103,
      0,
      13,
      0,
      14,
      0,
      12,
      0,
      12,
      0,
      8,
      0,
      8,
      0,
      -110,
      0,
      -106,
      65,
      123,
      -82,
      20,
      0,
      -83,
      0,
      -38
    ],
    "pec": 24286,
    "packetErrors": 0,
    "frameErrors": 11,
    "frameErrorControl": 24472
  },
  "id": 5,
  "b5Temps": {
    "sunsTempPx": 14.0,
    "sunsTempNx": 8.0,
    "sunsTempPy": 13.0,
    "sunsTempNy": 255.0,
    "sunsTempPz": 52.0,
    "extMagTemp32": 11.75,
    "fssTempPx": 14.75,
    "fssTempNx": 17.15625,
    "fssTempPy": 12.625,
    "fssTempNy": 34.21875,
    "fssTempPz": 14.875,
    "gyroTemp32": 11.421177,
    "aocsTempA": 9.7,
    "aocsTempB": 10.3,
    "temp0": 13,
    "temp1": 14,
    "temp2": 12,
    "temp3": 12,
    "temp4": 8,
    "temp5": 8,
    "obcTempA": 14.6,
    "obcTempB": 15.0,
    "gyroTemp": 15.73,
    "tempBrd": 17.300001,
    "tempPa": 21.800001
  },
  "header": {
    "priority": "CSP_PRIO_NORM",
    "source": 1,
    "destination": 15,
    "sourcePort": 29,
    "destinationPort": 14,
    "ffrag": false,
    "fhmac": false,
    "fxtea": false,
    "frdp": false,
    "fcrc32": false
  },
  "beginSample": 0,
  "beginMillis": 0,
  "endSample": 0
}