{
  "header": {
    "destinationAddress": {
      "callsign": "R2ANF",
      "ssid": 0,
      "extensionBit": 0
    },
    "sourceAddress": {
      "callsign": "RS00S",
      "ssid": 7,
      "extensionBit": 1
    },
    "frameType": "I",
    "sendSequenceNumber": 0,
    "receiveSequenceNumber": 0,
    "pid": 240
  },
  "payload": [
    -31,
    -1,
    2,
    0,
    1,
    0,
    3,
    0,
    0,
    38,
    6
  ],
  "rawData": [
    -92,
    100,
    -126,
    -100,
    -116,
    64,
    96,
    -92,
    -90,
    96,
    96,
    -90,
    64,
    111,
    0,
    -16,
    -31,
    -1,
    2,
    0,
    1,
    0,
    3,
    0,
    0,
    38,
    6
  ],
  "beginSample": 55614,
  "endSample": 76422,
  "beginMillis": 0
}