{
  "header": {
    "destinationAddress": {
      "callsign": "R2ANF",
      "ssid": 0,
      "extensionBit": 0
    },
    "sourceAddress": {
      "callsign": "RS00S",
      "ssid": 7,
      "extensionBit": 1
    },
    "frameType": "I",
    "sendSequenceNumber": 0,
    "receiveSequenceNumber": 0,
    "pid": 240
  },
  "payload": [
    22,
    66,
    2,
    0,
    1,
    0,
    66,
    0,
    0,
    0,
    0,
    0,
    0,
    0,
    0,
    0,
    0,
    0,
    0,
    0,
    0,
    0,
    0,
    0,
    0,
    0,
    0,
    0,
    0,
    0,
    0,
    0,
    0,
    0,
    0,
    0,
    0,
    0,
    0,
    0,
    0,
    0,
    0,
    0,
    0,
    0,
    0,
    0,
    0,
    0,
    0,
    0,
    0,
    0,
    27,
    27,
    -1,
    103,
    31,
    32,
    37,
    14,
    -86,
    -79,
    64,
    96,
    -12,
    60,
    1,
    0,
    36,
    0,
    -16,
    28
  ],
  "rawData": [
    -92,
    100,
    -126,
    -100,
    -116,
    64,
    96,
    -92,
    -90,
    96,
    96,
    -90,
    64,
    111,
    0,
    -16,
    22,
    66,
    2,
    0,
    1,
    0,
    66,
    0,
    0,
    0,
    0,
    0,
    0,
    0,
    0,
    0,
    0,
    0,
    0,
    0,
    0,
    0,
    0,
    0,
    0,
    0,
    0,
    0,
    0,
    0,
    0,
    0,
    0,
    0,
    0,
    0,
    0,
    0,
    0,
    0,
    0,
    0,
    0,
    0,
    0,
    0,
    0,
    0,
    0,
    0,
    0,
    0,
    0,
    0,
    27,
    27,
    -1,
    103,
    31,
    32,
    37,
    14,
    -86,
    -79,
    64,
    96,
    -12,
    60,
    1,
    0,
    36,
    0,
    -16,
    28
  ],
  "beginSample": 8979,
  "endSample": 29779,
  "beginMillis": 0
}