{
  "sharjahsat1Header": {
    "identifier": "ESER",
    "tmId": 80,
    "dataLength": 246,
    "packetCounter": 0
  },
  "telemetry": {
    "systemInfo": {
      "battery": true,
      "eps": true,
      "adcs": true,
      "uvModem": true,
      "sband": true,
      "ixrd": true,
      "cam2mp": true,
      "cam5mp": true,
      "ifBoard": false,
      "rtc": false,
      "beacon": false,
      "antennas": true,
      "mode": "UNKNOWN",
      "restartCount": 417,
      "lastResetCause": 2,
      "systemUptime": 17466,
      "systemTime": 1697065528
    },
    "obc": {
      "tlmBoardTemp1": 13.77,
      "tlmBoardTemp2": 14.22,
      "tlmBoardTemp3": 13.65,
      "tlmVbatV": 2.177,
      "tlmVbatI": 0.515,
      "tlmVbatPlatV": 2.182,
      "tlm3v3PlatV": 3.38,
      "tlmVbatPeriphI": 0.32,
      "tlm3v3PeriphI": 0.09,
      "tlmVbatPeriphV": 2.179,
      "tlm3v3PeriphV": 3.373
    },
    "interfaceBrdRtc": {
      "timestampHh": 39,
      "timestampMm": 5,
      "timestampSs": 35,
      "timestampDd": 3,
      "timestampMo": 17,
      "timestampYy": 10,
      "timestampDow": 35,
      "temperature": -256,
      "antennaStatus": 15
    },
    "battery": {
      "vbat": 8.120679,
      "ibat": -337.2434,
      "vpcm3v3": 3.336714,
      "vpcm5v": 5.0439,
      "ipcm3v3": 2.655094,
      "ipcm5v": 3.9826407,
      "tbrd": 3.9408875,
      "tbat1": 4.3635864,
      "tbat2": 3.56839,
      "tbat3": 3.56839
    },
    "eps": {
      "vpcmbatv": 8.089178,
      "ipcmbatv": 0.08865853,
      "vpcm3v3": 3.332403,
      "ipcm3v3": 0.49785173,
      "vpcm5v": 5.0380354,
      "ipcm5v": 0.12957785,
      "i3v3drw": 0.022568299,
      "i5vdrw": 0.030533582,
      "tbrd": 7.2927856,
      "tbrdDb": 8.782532,
      "ipcm12v": 0.0041332645,
      "vpcm12v": 12.114019
    },
    "adcs": {
      "adcsState": 85,
      "satPosLlhLat": -12.759999,
      "satPosLlhLon": 153.81,
      "satPosLlhAlt": -124.02,
      "estmAttAngleYaw": -15.509999,
      "estmAttAnglePitch": -29.23,
      "estmAttAngleRoll": -158.7,
      "estmAngRateYaw": -0.12,
      "estmAngRatePitch": 1.6999999,
      "estmAngRateRoll": 3.98,
      "dataB64T": [
        0,
        0,
        0,
        0,
        0,
        0,
        0,
        0,
        0,
        0,
        0,
        0,
        0,
        0,
        0,
        0,
        0,
        0
      ]
    },
    "uhfvhfModem": {
      "smpsTemp": 0,
      "paTemp": 0,
      "current3v3": 36,
      "voltage3v3": 3320,
      "current5v": 0,
      "voltage5v": 5028
    },
    "sBandModem": {
      "batteryCurrent": 0,
      "paCurrent": 0,
      "batteryVoltage": 0,
      "paVoltage": 0,
      "paTemperature": -50.0,
      "rfOutputPower": 0.0,
      "boardTempTop": 0.0,
      "boardTempBottom": 0.0
    },
    "solarPanels": {
      "vbcr1": 13.25808,
      "vbcr2": 13.774209,
      "vbcr3": 8.1613,
      "vbcr4": 19.129053,
      "vbcr5": 8.451622,
      "vbcr6": 8.129042,
      "vbcr7": 8.48388,
      "vbcr8": 8.48388,
      "vbcr9": 8.48388,
      "ibcra1": 0.0029325,
      "ibcra2": 0.105569996,
      "ibcra3": 0.01955,
      "ibcra4": 0.4193475,
      "ibcra5": 0.001955,
      "ibcra6": 0.001955,
      "ibcra7": 0.001955,
      "ibcra8": 9.775E-4,
      "ibcra9": 0.001955,
      "ibcrb1": 0.0029325,
      "ibcrb2": 0.001955,
      "ibcrb3": 0.00391,
      "ibcrb4": 0.001955,
      "ibcrb5": 0.001955,
      "ibcrb6": 0.001955,
      "ibcrb7": 0.001955,
      "ibcrb8": 0.001955,
      "ibcrb9": 0.0068425,
      "tbcra1": 2.2965088,
      "tbcra2": 2.2965088,
      "tbcra3": -7.1331787,
      "tbcra4": -7.1331787,
      "tbcra5": 60.859924,
      "tbcra6": -1.6738892,
      "tbcra7": 58.378418,
      "tbcra8": 59.86731,
      "tbcra9": 58.874725,
      "tbcrb1": 230.59451,
      "tbcrb2": 229.10562,
      "tbcrb3": 228.113,
      "tbcrb4": 58.378418,
      "tbcrb5": 59.86731,
      "tbcrb6": 59.86731,
      "tbcrb7": 59.371002,
      "tbcrb8": 59.86731,
      "tbcrb9": 59.371002,
      "vidiodeout": 8.201759,
      "iidiodeout": 1.0410557
    }
  },
  "header": {
    "destinationAddress": {
      "callsign": "A62UOS",
      "ssid": 0,
      "extensionBit": 0
    },
    "sourceAddress": {
      "callsign": "A60UOS",
      "ssid": 0,
      "extensionBit": 1
    },
    "frameType": "U",
    "sendSequenceNumber": 0,
    "receiveSequenceNumber": 0,
    "uControlType": "UI",
    "pid": 240
  },
  "beginSample": 0,
  "beginMillis": 0,
  "endSample": 0
}