{
  "destination": "DS0DH",
  "destinationSsid": 0,
  "source": "DS0DH",
  "sourceSsid": 0,
  "pid": 768,
  "header": {
    "priority": "CSP_PRIO_NORM",
    "source": 1,
    "destination": 10,
    "sourcePort": 35,
    "destinationPort": 15,
    "ffrag": false,
    "fhmac": false,
    "fxtea": false,
    "frdp": false,
    "fcrc32": false
  },
  "startId": "SNUGL\u003e",
  "fullbeacon": {
    "batteryCurrent": 130,
    "gpsSideOn": false,
    "magnetometerOn": false,
    "sdcardOn": true,
    "gpsUpOn": true,
    "uhfOn": true,
    "boomOn": false,
    "currentBoom": 9,
    "currentUhf": 54,
    "currentGpsUP": 111,
    "currentSdcard": 3,
    "currentMagnetometer": 7,
    "currentGpsSide": 0,
    "solarCellVoltageX": 6357,
    "solarCellVoltageY": 4490,
    "solarCellVoltageZ": 2080,
    "solarCellCurrentX": 462,
    "solarCellCurrentY": 115,
    "solarCellCurrentZ": 46,
    "estimatedAttitudeQ0": -0.13882284,
    "estimatedAttitudeQ1": -0.19182295,
    "estimatedAttitudeQ2": 0.46337935,
    "estimatedAttitudeQ3": 0.85393894,
    "gyroBiasRoll": -1.2646339,
    "gyroBiasPitch": -2.4679093,
    "gyroBiasYaw": 0.07767055,
    "estimatedAngularRateRoll": 0.27865076,
    "estimatedAngularRatePitch": -0.39284956,
    "estimatedAngularRateYaw": 0.031999033,
    "angularRateRoll": -1.0368886,
    "angularRatePitch": -2.8131444,
    "angularRateYaw": 0.007072419,
    "sun": true,
    "attitudeConvergence": false,
    "attitudeQ0": 3.6365946E-5,
    "attitudeQ1": 2.1766244E-5,
    "attitudeQ2": 9.9491235E-6,
    "attitudeQ3": 6.8173467E-6,
    "operationMode": "GPS",
    "elapsedTime": 29095733,
    "solarPlusXTemperature": 8,
    "solarPlusYTemperature": 0,
    "solarMinusXTemperature": 5,
    "solarMinusYTemperature": -21,
    "solarMinusZTemperature": 5,
    "obc1Temperature": 0,
    "obc2Temperature": 1,
    "eps1Temperature": 0,
    "eps2Temperature": 0,
    "eps3Temperature": 0,
    "eps4Temperature": 0,
    "uhf1Temperature": 0,
    "uhf2Temperature": 0,
    "boomReleased": false,
    "uhfAntennaReleased": true,
    "countAntennaReleaseTrial": 144,
    "countBoomReleaseTrial": 0,
    "firmwareVersion": 7,
    "timeYear": 25,
    "timeMonth": 4,
    "timeDay": 27,
    "timeHour": 8,
    "timeMinute": 53,
    "timeSecond": 5,
    "positioning": "UNKNOWN",
    "positionX": -1,
    "positionY": -1,
    "positionZ": -1,
    "velocityX": -1,
    "velocityY": -1,
    "velocityZ": -1,
    "batteryMode": "NOMINAL",
    "batteryVoltage": 8296
  },
  "endId": "\u003cITE",
  "beginSample": 0,
  "beginMillis": 0,
  "endSample": 0
}