{
  "telemetry": {
    "obcTimestamp": 1692897355,
    "epsCellCurrent": 0.1037164,
    "epsSystemCurrent": 0.28299198,
    "epsCellVoltageHalf": 4.1525,
    "epsCellVoltageFull": 8.305,
    "epsIntegralCellCurrent": 33276.21,
    "epsIntegralSystemCurrent": 14335.644,
    "adcTemperaturePosX": 2,
    "adcTemperatureNegX": -27,
    "adcTemperaturePosY": -16,
    "adcTemperatureNegY": -27,
    "adcTemperaturePosZ": -128,
    "adcTemperatureNegZ": -9,
    "adcTemperatureCell1": -3,
    "adcTemperatureCell2": -3,
    "attitudeControl": 1,
    "obcCpuLoad": 5.859375,
    "obcBootCount": -7134,
    "commBootCount": -1368,
    "commRssi": -99,
    "commReceivedPackets": 0,
    "commSentPackets": 7104
  },
  "header": {
    "destinationAddress": {
      "callsign": "BEACON",
      "ssid": 0,
      "extensionBit": 0
    },
    "sourceAddress": {
      "callsign": "RS52S",
      "ssid": 0,
      "extensionBit": 1
    },
    "frameType": "U",
    "sendSequenceNumber": 0,
    "receiveSequenceNumber": 0,
    "uControlType": "UI",
    "pid": 240
  },
  "rawData": [
    -124,
    -118,
    -126,
    -122,
    -98,
    -100,
    96,
    -92,
    -90,
    106,
    100,
    -90,
    64,
    -31,
    3,
    -16,
    75,
    -112,
    -25,
    100,
    74,
    5,
    -16,
    35,
    -16,
    -21,
    -16,
    -21,
    50,
    -5,
    122,
    64,
    86,
    -84,
    39,
    11,
    2,
    -27,
    -16,
    -27,
    -128,
    -9,
    -3,
    -3,
    1,
    15,
    86,
    1,
    -119,
    0,
    0,
    0,
    0,
    -64,
    27,
    0,
    0,
    0,
    0,
    0,
    0,
    0,
    0,
    0
  ],
  "beginSample": 1796,
  "beginMillis": 0,
  "endSample": 4436
}