{
  "payload": [
    82,
    83,
    53,
    50,
    83,
    69,
    68,
    65,
    82,
    75,
    65,
    68,
    77,
    73,
    78,
    45,
    82,
    85,
    86,
    68,
    83,
    45,
    51,
    48,
    88,
    81,
    13,
    10,
    13,
    10,
    68,
    65,
    82,
    75,
    65,
    68,
    77,
    73,
    78,
    45,
    82,
    85,
    86,
    68,
    83,
    45,
    49,
    55,
    76,
    82
  ],
  "beginSample": 0,
  "beginMillis": 0,
  "endSample": 0
}