{
  "nframe": 0,
  "type": 13,
  "node": 1,
  "ndata": 1,
  "status": {
    "index": 0,
    "timestamp": 991575954,
    "obcOpmode": "NORMAL",
    "rtcDateTime": 991575954,
    "obcLastReset": 100,
    "obcHrsAlive": 8822,
    "obcHrsWoReset": 0,
    "obcResetCounter": 8827,
    "obcExecutedCmds": 6660913,
    "obcFailedCmds": 55,
    "comCountTm": 0,
    "comCountTc": 0,
    "comLastTc": 0,
    "fplLast": 0,
    "fplQueue": 0,
    "adsTleEpoch": 1644592971,
    "epsVbatt": 8237,
    "epsCurSun": 5,
    "epsCurSys": 96,
    "obcTemp1": 4294967295,
    "epsTempBat0": 4294967271,
    "drpMachAction": 2,
    "drpMachState": 0,
    "drpMachPayloads": 18,
    "drpMachStep": 1
  },
  "header": {
    "priority": "CSP_PRIO_NORM",
    "source": 1,
    "destination": 10,
    "sourcePort": 57,
    "destinationPort": 16,
    "ffrag": false,
    "fhmac": false,
    "fxtea": false,
    "frdp": false,
    "fcrc32": true
  },
  "beginSample": 0,
  "beginMillis": 0,
  "endSample": 0
}